Archive member included to satisfy reference by file (symbol)

E:\!TI\testes_TI\nucleo-f411re_hal_lib\Debug\libnucleo-f411re_hal_lib.a(stm32f4xx_hal.o)
                              src/stm32f4xx_it.o (HAL_IncTick)
E:\!TI\testes_TI\nucleo-f411re_hal_lib\Debug\libnucleo-f411re_hal_lib.a(stm32f4xx_hal_cortex.o)
                              E:\!TI\testes_TI\nucleo-f411re_hal_lib\Debug\libnucleo-f411re_hal_lib.a(stm32f4xx_hal.o) (HAL_NVIC_SetPriorityGrouping)
c:/st/eclipse/plugins/fr.ac6.mcu.externaltools.arm-none.win32_1.13.2.201705091103/tools/compiler/bin/../lib/gcc/arm-none-eabi/5.4.1/../../../../arm-none-eabi/lib/armv7e-m/fpu\libc.a(lib_a-errno.o)
                              src/syscalls.o (__errno)
c:/st/eclipse/plugins/fr.ac6.mcu.externaltools.arm-none.win32_1.13.2.201705091103/tools/compiler/bin/../lib/gcc/arm-none-eabi/5.4.1/../../../../arm-none-eabi/lib/armv7e-m/fpu\libc.a(lib_a-exit.o)
                              c:/st/eclipse/plugins/fr.ac6.mcu.externaltools.arm-none.win32_1.13.2.201705091103/tools/compiler/bin/../lib/gcc/arm-none-eabi/5.4.1/../../../../arm-none-eabi/lib/armv7e-m/fpu/crt0.o (exit)
c:/st/eclipse/plugins/fr.ac6.mcu.externaltools.arm-none.win32_1.13.2.201705091103/tools/compiler/bin/../lib/gcc/arm-none-eabi/5.4.1/../../../../arm-none-eabi/lib/armv7e-m/fpu\libc.a(lib_a-impure.o)
                              c:/st/eclipse/plugins/fr.ac6.mcu.externaltools.arm-none.win32_1.13.2.201705091103/tools/compiler/bin/../lib/gcc/arm-none-eabi/5.4.1/../../../../arm-none-eabi/lib/armv7e-m/fpu\libc.a(lib_a-exit.o) (_global_impure_ptr)
c:/st/eclipse/plugins/fr.ac6.mcu.externaltools.arm-none.win32_1.13.2.201705091103/tools/compiler/bin/../lib/gcc/arm-none-eabi/5.4.1/../../../../arm-none-eabi/lib/armv7e-m/fpu\libc.a(lib_a-init.o)
                              c:/st/eclipse/plugins/fr.ac6.mcu.externaltools.arm-none.win32_1.13.2.201705091103/tools/compiler/bin/../lib/gcc/arm-none-eabi/5.4.1/../../../../arm-none-eabi/lib/armv7e-m/fpu/crt0.o (__libc_init_array)
c:/st/eclipse/plugins/fr.ac6.mcu.externaltools.arm-none.win32_1.13.2.201705091103/tools/compiler/bin/../lib/gcc/arm-none-eabi/5.4.1/../../../../arm-none-eabi/lib/armv7e-m/fpu\libc.a(lib_a-memset.o)
                              c:/st/eclipse/plugins/fr.ac6.mcu.externaltools.arm-none.win32_1.13.2.201705091103/tools/compiler/bin/../lib/gcc/arm-none-eabi/5.4.1/../../../../arm-none-eabi/lib/armv7e-m/fpu/crt0.o (memset)
c:/st/eclipse/plugins/fr.ac6.mcu.externaltools.arm-none.win32_1.13.2.201705091103/tools/compiler/bin/../lib/gcc/arm-none-eabi/5.4.1/../../../../arm-none-eabi/lib/armv7e-m/fpu\libc.a(lib_a-strlen.o)
                              src/main.o (strlen)
c:/st/eclipse/plugins/fr.ac6.mcu.externaltools.arm-none.win32_1.13.2.201705091103/tools/compiler/bin/../lib/gcc/arm-none-eabi/5.4.1/../../../../arm-none-eabi/lib/armv7e-m/fpu\libc.a(lib_a-__call_atexit.o)
                              c:/st/eclipse/plugins/fr.ac6.mcu.externaltools.arm-none.win32_1.13.2.201705091103/tools/compiler/bin/../lib/gcc/arm-none-eabi/5.4.1/../../../../arm-none-eabi/lib/armv7e-m/fpu\libc.a(lib_a-exit.o) (__call_exitprocs)
c:/st/eclipse/plugins/fr.ac6.mcu.externaltools.arm-none.win32_1.13.2.201705091103/tools/compiler/bin/../lib/gcc/arm-none-eabi/5.4.1/../../../../arm-none-eabi/lib/armv7e-m/fpu\libc.a(lib_a-atexit.o)
                              c:/st/eclipse/plugins/fr.ac6.mcu.externaltools.arm-none.win32_1.13.2.201705091103/tools/compiler/bin/../lib/gcc/arm-none-eabi/5.4.1/../../../../arm-none-eabi/lib/armv7e-m/fpu\libc.a(lib_a-__call_atexit.o) (atexit)
c:/st/eclipse/plugins/fr.ac6.mcu.externaltools.arm-none.win32_1.13.2.201705091103/tools/compiler/bin/../lib/gcc/arm-none-eabi/5.4.1/../../../../arm-none-eabi/lib/armv7e-m/fpu\libc.a(lib_a-fini.o)
                              c:/st/eclipse/plugins/fr.ac6.mcu.externaltools.arm-none.win32_1.13.2.201705091103/tools/compiler/bin/../lib/gcc/arm-none-eabi/5.4.1/../../../../arm-none-eabi/lib/armv7e-m/fpu\libc.a(lib_a-__call_atexit.o) (__libc_fini_array)
c:/st/eclipse/plugins/fr.ac6.mcu.externaltools.arm-none.win32_1.13.2.201705091103/tools/compiler/bin/../lib/gcc/arm-none-eabi/5.4.1/../../../../arm-none-eabi/lib/armv7e-m/fpu\libc.a(lib_a-__atexit.o)
                              c:/st/eclipse/plugins/fr.ac6.mcu.externaltools.arm-none.win32_1.13.2.201705091103/tools/compiler/bin/../lib/gcc/arm-none-eabi/5.4.1/../../../../arm-none-eabi/lib/armv7e-m/fpu\libc.a(lib_a-atexit.o) (__register_exitproc)

Allocating common symbols
Common symbol       size              file

flag_troca          0x1               src/main.o
uwTick              0x4               E:\!TI\testes_TI\nucleo-f411re_hal_lib\Debug\libnucleo-f411re_hal_lib.a(stm32f4xx_hal.o)
time_us             0x4               src/main.o
counter_us          0x4               src/main.o

Discarded input sections

[...]
Memory Configuration

Name             Origin             Length             Attributes
FLASH            0x08000000         0x00080000         xr
RAM              0x20000000         0x00020000         xrw
*default*        0x00000000         0xffffffff

Linker script and memory map

LOAD c:/st/eclipse/plugins/fr.ac6.mcu.externaltools.arm-none.win32_1.13.2.201705091103/tools/compiler/bin/../lib/gcc/arm-none-eabi/5.4.1/armv7e-m/fpu/crti.o
LOAD c:/st/eclipse/plugins/fr.ac6.mcu.externaltools.arm-none.win32_1.13.2.201705091103/tools/compiler/bin/../lib/gcc/arm-none-eabi/5.4.1/armv7e-m/fpu/crtbegin.o
LOAD c:/st/eclipse/plugins/fr.ac6.mcu.externaltools.arm-none.win32_1.13.2.201705091103/tools/compiler/bin/../lib/gcc/arm-none-eabi/5.4.1/../../../../arm-none-eabi/lib/armv7e-m/fpu/crt0.o
LOAD src/main.o
LOAD src/stm32f4xx_it.o
LOAD src/syscalls.o
LOAD src/system_stm32f4xx.o
LOAD startup/startup_stm32f411xe.o
LOAD E:\!TI\testes_TI\nucleo-f411re_hal_lib\Debug\libnucleo-f411re_hal_lib.a
LOAD c:/st/eclipse/plugins/fr.ac6.mcu.externaltools.arm-none.win32_1.13.2.201705091103/tools/compiler/bin/../lib/gcc/arm-none-eabi/5.4.1/../../../../arm-none-eabi/lib/armv7e-m/fpu\libm.a
START GROUP
LOAD c:/st/eclipse/plugins/fr.ac6.mcu.externaltools.arm-none.win32_1.13.2.201705091103/tools/compiler/bin/../lib/gcc/arm-none-eabi/5.4.1/armv7e-m/fpu\libgcc.a
LOAD c:/st/eclipse/plugins/fr.ac6.mcu.externaltools.arm-none.win32_1.13.2.201705091103/tools/compiler/bin/../lib/gcc/arm-none-eabi/5.4.1/../../../../arm-none-eabi/lib/armv7e-m/fpu\libc.a
END GROUP
LOAD c:/st/eclipse/plugins/fr.ac6.mcu.externaltools.arm-none.win32_1.13.2.201705091103/tools/compiler/bin/../lib/gcc/arm-none-eabi/5.4.1/armv7e-m/fpu/crtend.o
LOAD c:/st/eclipse/plugins/fr.ac6.mcu.externaltools.arm-none.win32_1.13.2.201705091103/tools/compiler/bin/../lib/gcc/arm-none-eabi/5.4.1/armv7e-m/fpu/crtn.o
                0x20020000                _estack = 0x20020000
                0x00000200                _Min_Heap_Size = 0x200
                0x00000400                _Min_Stack_Size = 0x400

.isr_vector     0x08000000      0x198
                0x08000000                . = ALIGN (0x4)
 *(.isr_vector)
 .isr_vector    0x08000000      0x198 startup/startup_stm32f411xe.o
                0x08000000                g_pfnVectors
                0x08000198                . = ALIGN (0x4)

.text           0x08000198     0x1670
                0x08000198                . = ALIGN (0x4)
 *(.text)
 .text          0x08000198       0x5c c:/st/eclipse/plugins/fr.ac6.mcu.externaltools.arm-none.win32_1.13.2.201705091103/tools/compiler/bin/../lib/gcc/arm-none-eabi/5.4.1/armv7e-m/fpu/crtbegin.o
 *(.text*)
 .text.NVIC_EnableIRQ
                0x080001f4       0x34 src/main.o
 .text.NVIC_SetPriority
                0x08000228       0x54 src/main.o
 .text.config_int_tim10
                0x0800027c       0x4c src/main.o
                0x0800027c                config_int_tim10
 .text.config_int_tim11
                0x080002c8       0x38 src/main.o
                0x080002c8                config_int_tim11
 .text.config_serial
                0x08000300       0x78 src/main.o
                0x08000300                config_serial
 .text.convert_caracter
                0x08000378     0x1008 src/main.o
                0x08000378                convert_caracter
 .text.TIM1_UP_TIM10_IRQHandler
                0x08001380       0xa0 src/main.o
                0x08001380                TIM1_UP_TIM10_IRQHandler
 .text.USART6_IRQHandler
                0x08001420       0x6c src/main.o
                0x08001420                USART6_IRQHandler
 .text.main     0x0800148c      0x120 src/main.o
                0x0800148c                main
 .text.SysTick_Handler
                0x080015ac       0x10 src/stm32f4xx_it.o
                0x080015ac                SysTick_Handler
 .text.SystemInit
                0x080015bc       0x6c src/system_stm32f4xx.o
                0x080015bc                SystemInit
 .text.Reset_Handler
                0x08001628       0x50 startup/startup_stm32f411xe.o
                0x08001628                Reset_Handler
 .text.Default_Handler
                0x08001678        0x2 startup/startup_stm32f411xe.o
                0x08001678                RTC_Alarm_IRQHandler
                0x08001678                EXTI2_IRQHandler
                0x08001678                DebugMon_Handler
                0x08001678                SPI4_IRQHandler
                0x08001678                TIM1_CC_IRQHandler
                0x08001678                DMA2_Stream5_IRQHandler
                0x08001678                HardFault_Handler
                0x08001678                DMA1_Stream5_IRQHandler
                0x08001678                PVD_IRQHandler
                0x08001678                SDIO_IRQHandler
                0x08001678                TAMP_STAMP_IRQHandler
                0x08001678                PendSV_Handler
                0x08001678                NMI_Handler
                0x08001678                EXTI3_IRQHandler
                0x08001678                I2C3_ER_IRQHandler
                0x08001678                EXTI0_IRQHandler
                0x08001678                I2C2_EV_IRQHandler
                0x08001678                DMA1_Stream2_IRQHandler
                0x08001678                FPU_IRQHandler
                0x08001678                UsageFault_Handler
                0x08001678                DMA2_Stream2_IRQHandler
                0x08001678                SPI1_IRQHandler
                0x08001678                TIM1_BRK_TIM9_IRQHandler
                0x08001678                DMA2_Stream3_IRQHandler
                0x08001678                DMA2_Stream0_IRQHandler
                0x08001678                TIM4_IRQHandler
                0x08001678                I2C1_EV_IRQHandler
                0x08001678                DMA1_Stream6_IRQHandler
                0x08001678                DMA1_Stream1_IRQHandler
                0x08001678                TIM3_IRQHandler
                0x08001678                RCC_IRQHandler
                0x08001678                Default_Handler
                0x08001678                EXTI15_10_IRQHandler
                0x08001678                ADC_IRQHandler
                0x08001678                DMA1_Stream7_IRQHandler
                0x08001678                SPI5_IRQHandler
                0x08001678                TIM5_IRQHandler
                0x08001678                DMA2_Stream7_IRQHandler
                0x08001678                I2C3_EV_IRQHandler
                0x08001678                EXTI9_5_IRQHandler
                0x08001678                RTC_WKUP_IRQHandler
                0x08001678                SPI2_IRQHandler
                0x08001678                MemManage_Handler
                0x08001678                DMA1_Stream0_IRQHandler
                0x08001678                SVC_Handler
                0x08001678                EXTI4_IRQHandler
                0x08001678                WWDG_IRQHandler
                0x08001678                TIM2_IRQHandler
                0x08001678                OTG_FS_WKUP_IRQHandler
                0x08001678                TIM1_TRG_COM_TIM11_IRQHandler
                0x08001678                EXTI1_IRQHandler
                0x08001678                USART2_IRQHandler
                0x08001678                I2C2_ER_IRQHandler
                0x08001678                DMA2_Stream1_IRQHandler
                0x08001678                FLASH_IRQHandler
                0x08001678                DMA2_Stream4_IRQHandler
                0x08001678                BusFault_Handler
                0x08001678                USART1_IRQHandler
                0x08001678                OTG_FS_IRQHandler
                0x08001678                SPI3_IRQHandler
                0x08001678                DMA1_Stream4_IRQHandler
                0x08001678                I2C1_ER_IRQHandler
                0x08001678                DMA2_Stream6_IRQHandler
                0x08001678                DMA1_Stream3_IRQHandler
 *fill*         0x0800167a        0x2 
 .text.HAL_IncTick
                0x0800167c       0x1c E:\!TI\testes_TI\nucleo-f411re_hal_lib\Debug\libnucleo-f411re_hal_lib.a(stm32f4xx_hal.o)
                0x0800167c                HAL_IncTick
 .text.HAL_SYSTICK_IRQHandler
                0x08001698        0xc E:\!TI\testes_TI\nucleo-f411re_hal_lib\Debug\libnucleo-f411re_hal_lib.a(stm32f4xx_hal_cortex.o)
                0x08001698                HAL_SYSTICK_IRQHandler
 .text.HAL_SYSTICK_Callback
                0x080016a4       0x10 E:\!TI\testes_TI\nucleo-f411re_hal_lib\Debug\libnucleo-f411re_hal_lib.a(stm32f4xx_hal_cortex.o)
                0x080016a4                HAL_SYSTICK_Callback
 .text.__libc_init_array
                0x080016b4       0x50 c:/st/eclipse/plugins/fr.ac6.mcu.externaltools.arm-none.win32_1.13.2.201705091103/tools/compiler/bin/../lib/gcc/arm-none-eabi/5.4.1/../../../../arm-none-eabi/lib/armv7e-m/fpu\libc.a(lib_a-init.o)
                0x080016b4                __libc_init_array
 .text.startup.register_fini
                0x08001704       0x14 c:/st/eclipse/plugins/fr.ac6.mcu.externaltools.arm-none.win32_1.13.2.201705091103/tools/compiler/bin/../lib/gcc/arm-none-eabi/5.4.1/../../../../arm-none-eabi/lib/armv7e-m/fpu\libc.a(lib_a-__call_atexit.o)
 .text.atexit   0x08001718        0xc c:/st/eclipse/plugins/fr.ac6.mcu.externaltools.arm-none.win32_1.13.2.201705091103/tools/compiler/bin/../lib/gcc/arm-none-eabi/5.4.1/../../../../arm-none-eabi/lib/armv7e-m/fpu\libc.a(lib_a-atexit.o)
                0x08001718                atexit
 .text.__libc_fini_array
                0x08001724       0x28 c:/st/eclipse/plugins/fr.ac6.mcu.externaltools.arm-none.win32_1.13.2.201705091103/tools/compiler/bin/../lib/gcc/arm-none-eabi/5.4.1/../../../../arm-none-eabi/lib/armv7e-m/fpu\libc.a(lib_a-fini.o)
                0x08001724                __libc_fini_array
 .text.__register_exitproc
                0x0800174c       0xa4 c:/st/eclipse/plugins/fr.ac6.mcu.externaltools.arm-none.win32_1.13.2.201705091103/tools/compiler/bin/../lib/gcc/arm-none-eabi/5.4.1/../../../../arm-none-eabi/lib/armv7e-m/fpu\libc.a(lib_a-__atexit.o)
                0x0800174c                __register_exitproc
 *(.glue_7)
 .glue_7        0x080017f0        0x0 linker stubs
 *(.glue_7t)
 .glue_7t       0x080017f0        0x0 linker stubs
 *(.eh_frame)
 .eh_frame      0x080017f0        0x0 c:/st/eclipse/plugins/fr.ac6.mcu.externaltools.arm-none.win32_1.13.2.201705091103/tools/compiler/bin/../lib/gcc/arm-none-eabi/5.4.1/armv7e-m/fpu/crtbegin.o
 *(.init)
 .init          0x080017f0        0x4 c:/st/eclipse/plugins/fr.ac6.mcu.externaltools.arm-none.win32_1.13.2.201705091103/tools/compiler/bin/../lib/gcc/arm-none-eabi/5.4.1/armv7e-m/fpu/crti.o
                0x080017f0                _init
 .init          0x080017f4        0x8 c:/st/eclipse/plugins/fr.ac6.mcu.externaltools.arm-none.win32_1.13.2.201705091103/tools/compiler/bin/../lib/gcc/arm-none-eabi/5.4.1/armv7e-m/fpu/crtn.o
 *(.fini)
 .fini          0x080017fc        0x4 c:/st/eclipse/plugins/fr.ac6.mcu.externaltools.arm-none.win32_1.13.2.201705091103/tools/compiler/bin/../lib/gcc/arm-none-eabi/5.4.1/armv7e-m/fpu/crti.o
                0x080017fc                _fini
 .fini          0x08001800        0x8 c:/st/eclipse/plugins/fr.ac6.mcu.externaltools.arm-none.win32_1.13.2.201705091103/tools/compiler/bin/../lib/gcc/arm-none-eabi/5.4.1/armv7e-m/fpu/crtn.o
                0x08001808                . = ALIGN (0x4)
                0x08001808                _etext = .

.vfp11_veneer   0x08001808        0x0
 .vfp11_veneer  0x08001808        0x0 linker stubs

.v4_bx          0x08001808        0x0
 .v4_bx         0x08001808        0x0 linker stubs

.iplt           0x08001808        0x0
 .iplt          0x08001808        0x0 c:/st/eclipse/plugins/fr.ac6.mcu.externaltools.arm-none.win32_1.13.2.201705091103/tools/compiler/bin/../lib/gcc/arm-none-eabi/5.4.1/armv7e-m/fpu/crtbegin.o

.rodata         0x08001808      0x634
                0x08001808                . = ALIGN (0x4)
 *(.rodata)
 .rodata        0x08001808      0x630 src/main.o
 *(.rodata*)
 .rodata._global_impure_ptr
                0x08001e38        0x4 c:/st/eclipse/plugins/fr.ac6.mcu.externaltools.arm-none.win32_1.13.2.201705091103/tools/compiler/bin/../lib/gcc/arm-none-eabi/5.4.1/../../../../arm-none-eabi/lib/armv7e-m/fpu\libc.a(lib_a-impure.o)
                0x08001e38                _global_impure_ptr
                0x08001e3c                . = ALIGN (0x4)

.rel.dyn        0x08001e3c        0x0
 .rel.iplt      0x08001e3c        0x0 c:/st/eclipse/plugins/fr.ac6.mcu.externaltools.arm-none.win32_1.13.2.201705091103/tools/compiler/bin/../lib/gcc/arm-none-eabi/5.4.1/armv7e-m/fpu/crtbegin.o

.ARM.extab
 *(.ARM.extab* .gnu.linkonce.armextab.*)

.ARM            0x08001e3c        0x0
                0x08001e3c                __exidx_start = .
 *(.ARM.exidx*)
                0x08001e3c                __exidx_end = .

.preinit_array  0x08001e3c        0x0
                0x08001e3c                PROVIDE (__preinit_array_start, .)
 *(.preinit_array*)
                0x08001e3c                PROVIDE (__preinit_array_end, .)

.init_array     0x08001e3c        0x8
                0x08001e3c                PROVIDE (__init_array_start, .)
 *(SORT(.init_array.*))
 .init_array.00000
                0x08001e3c        0x4 c:/st/eclipse/plugins/fr.ac6.mcu.externaltools.arm-none.win32_1.13.2.201705091103/tools/compiler/bin/../lib/gcc/arm-none-eabi/5.4.1/../../../../arm-none-eabi/lib/armv7e-m/fpu\libc.a(lib_a-__call_atexit.o)
 *(.init_array*)
 .init_array    0x08001e40        0x4 c:/st/eclipse/plugins/fr.ac6.mcu.externaltools.arm-none.win32_1.13.2.201705091103/tools/compiler/bin/../lib/gcc/arm-none-eabi/5.4.1/armv7e-m/fpu/crtbegin.o
                0x08001e44                PROVIDE (__init_array_end, .)

.fini_array     0x08001e44        0x4
                0x08001e44                PROVIDE (__fini_array_start, .)
 *(SORT(.fini_array.*))
 *(.fini_array*)
 .fini_array    0x08001e44        0x4 c:/st/eclipse/plugins/fr.ac6.mcu.externaltools.arm-none.win32_1.13.2.201705091103/tools/compiler/bin/../lib/gcc/arm-none-eabi/5.4.1/armv7e-m/fpu/crtbegin.o
                0x08001e48                PROVIDE (__fini_array_end, .)
                0x08001e48                _sidata = LOADADDR (.data)

.data           0x20000000      0x430 load address 0x08001e48
                0x20000000                . = ALIGN (0x4)
                0x20000000                _sdata = .
 *(.data)
 .data          0x20000000        0x4 src/main.o
                0x20000000                GUI_RAY_RESOLUTION
 *(.data*)
 *fill*         0x20000004        0x4 
 .data.impure_data
                0x20000008      0x428 c:/st/eclipse/plugins/fr.ac6.mcu.externaltools.arm-none.win32_1.13.2.201705091103/tools/compiler/bin/../lib/gcc/arm-none-eabi/5.4.1/../../../../arm-none-eabi/lib/armv7e-m/fpu\libc.a(lib_a-impure.o)
                0x20000430                . = ALIGN (0x4)
                0x20000430                _edata = .

.jcr            0x20000430        0x0 load address 0x08002278
 .jcr           0x20000430        0x0 c:/st/eclipse/plugins/fr.ac6.mcu.externaltools.arm-none.win32_1.13.2.201705091103/tools/compiler/bin/../lib/gcc/arm-none-eabi/5.4.1/armv7e-m/fpu/crtbegin.o

.igot.plt       0x20000430        0x0 load address 0x08002278
 .igot.plt      0x20000430        0x0 c:/st/eclipse/plugins/fr.ac6.mcu.externaltools.arm-none.win32_1.13.2.201705091103/tools/compiler/bin/../lib/gcc/arm-none-eabi/5.4.1/armv7e-m/fpu/crtbegin.o
                0x20000430                . = ALIGN (0x4)

.bss            0x20000430      0x308 load address 0x08002278
                0x20000430                _sbss = .
                0x20000430                __bss_start__ = _sbss
 *(.bss)
 .bss           0x20000430       0x1c c:/st/eclipse/plugins/fr.ac6.mcu.externaltools.arm-none.win32_1.13.2.201705091103/tools/compiler/bin/../lib/gcc/arm-none-eabi/5.4.1/armv7e-m/fpu/crtbegin.o
 .bss           0x2000044c      0x2dc src/main.o
                0x2000044c                mat_show
                0x2000071c                angle
                0x20000720                square
                0x20000724                indice_cover
 *(.bss*)
 *(COMMON)
 COMMON         0x20000728        0xc src/main.o
                0x20000728                flag_troca
                0x2000072c                time_us
                0x20000730                counter_us
 COMMON         0x20000734        0x4 E:\!TI\testes_TI\nucleo-f411re_hal_lib\Debug\libnucleo-f411re_hal_lib.a(stm32f4xx_hal.o)
                0x20000734                uwTick
                0x20000738                . = ALIGN (0x4)
                0x20000738                _ebss = .
                0x20000738                __bss_end__ = _ebss

._user_heap_stack
                0x20000738      0x600 load address 0x08002278
                0x20000738                . = ALIGN (0x8)
                0x20000738                PROVIDE (end, .)
                [!provide]                PROVIDE (_end, .)
                0x20000938                . = (. + _Min_Heap_Size)
 *fill*         0x20000738      0x200 
                0x20000d38                . = (. + _Min_Stack_Size)
 *fill*         0x20000938      0x400 
                0x20000d38                . = ALIGN (0x8)

/DISCARD/
 libc.a(*)
 libm.a(*)
 libgcc.a(*)

.ARM.attributes
                0x00000000       0x30
 *(.ARM.attributes)
 .ARM.attributes
                0x00000000       0x22 c:/st/eclipse/plugins/fr.ac6.mcu.externaltools.arm-none.win32_1.13.2.201705091103/tools/compiler/bin/../lib/gcc/arm-none-eabi/5.4.1/armv7e-m/fpu/crti.o
 .ARM.attributes
                0x00000022       0x34 c:/st/eclipse/plugins/fr.ac6.mcu.externaltools.arm-none.win32_1.13.2.201705091103/tools/compiler/bin/../lib/gcc/arm-none-eabi/5.4.1/armv7e-m/fpu/crtbegin.o
 .ARM.attributes
                0x00000056       0x39 src/main.o
 .ARM.attributes
                0x0000008f       0x39 src/stm32f4xx_it.o
 .ARM.attributes
                0x000000c8       0x39 src/system_stm32f4xx.o
 .ARM.attributes
                0x00000101       0x21 startup/startup_stm32f411xe.o
 .ARM.attributes
                0x00000122       0x39 E:\!TI\testes_TI\nucleo-f411re_hal_lib\Debug\libnucleo-f411re_hal_lib.a(stm32f4xx_hal.o)
 .ARM.attributes
                0x0000015b       0x39 E:\!TI\testes_TI\nucleo-f411re_hal_lib\Debug\libnucleo-f411re_hal_lib.a(stm32f4xx_hal_cortex.o)
 .ARM.attributes
                0x00000194       0x34 c:/st/eclipse/plugins/fr.ac6.mcu.externaltools.arm-none.win32_1.13.2.201705091103/tools/compiler/bin/../lib/gcc/arm-none-eabi/5.4.1/../../../../arm-none-eabi/lib/armv7e-m/fpu\libc.a(lib_a-impure.o)
 .ARM.attributes
                0x000001c8       0x34 c:/st/eclipse/plugins/fr.ac6.mcu.externaltools.arm-none.win32_1.13.2.201705091103/tools/compiler/bin/../lib/gcc/arm-none-eabi/5.4.1/../../../../arm-none-eabi/lib/armv7e-m/fpu\libc.a(lib_a-init.o)
 .ARM.attributes
                0x000001fc       0x34 c:/st/eclipse/plugins/fr.ac6.mcu.externaltools.arm-none.win32_1.13.2.201705091103/tools/compiler/bin/../lib/gcc/arm-none-eabi/5.4.1/../../../../arm-none-eabi/lib/armv7e-m/fpu\libc.a(lib_a-__call_atexit.o)
 .ARM.attributes
                0x00000230       0x34 c:/st/eclipse/plugins/fr.ac6.mcu.externaltools.arm-none.win32_1.13.2.201705091103/tools/compiler/bin/../lib/gcc/arm-none-eabi/5.4.1/../../../../arm-none-eabi/lib/armv7e-m/fpu\libc.a(lib_a-atexit.o)
 .ARM.attributes
                0x00000264       0x34 c:/st/eclipse/plugins/fr.ac6.mcu.externaltools.arm-none.win32_1.13.2.201705091103/tools/compiler/bin/../lib/gcc/arm-none-eabi/5.4.1/../../../../arm-none-eabi/lib/armv7e-m/fpu\libc.a(lib_a-fini.o)
 .ARM.attributes
                0x00000298       0x34 c:/st/eclipse/plugins/fr.ac6.mcu.externaltools.arm-none.win32_1.13.2.201705091103/tools/compiler/bin/../lib/gcc/arm-none-eabi/5.4.1/../../../../arm-none-eabi/lib/armv7e-m/fpu\libc.a(lib_a-__atexit.o)
 .ARM.attributes
                0x000002cc       0x22 c:/st/eclipse/plugins/fr.ac6.mcu.externaltools.arm-none.win32_1.13.2.201705091103/tools/compiler/bin/../lib/gcc/arm-none-eabi/5.4.1/armv7e-m/fpu/crtn.o
OUTPUT(TI_2017.elf elf32-littlearm)

.debug_info     0x00000000     0x2c2d
 .debug_info    0x00000000     0x10b5 src/main.o
 .debug_info    0x000010b5       0xbd src/stm32f4xx_it.o
 .debug_info    0x00001172      0x525 src/system_stm32f4xx.o
 .debug_info    0x00001697       0x64 startup/startup_stm32f411xe.o
 .debug_info    0x000016fb      0x823 E:\!TI\testes_TI\nucleo-f411re_hal_lib\Debug\libnucleo-f411re_hal_lib.a(stm32f4xx_hal.o)
 .debug_info    0x00001f1e      0xd0f E:\!TI\testes_TI\nucleo-f411re_hal_lib\Debug\libnucleo-f411re_hal_lib.a(stm32f4xx_hal_cortex.o)

.debug_abbrev   0x00000000      0x8df
 .debug_abbrev  0x00000000      0x241 src/main.o
 .debug_abbrev  0x00000241       0x6a src/stm32f4xx_it.o
 .debug_abbrev  0x000002ab      0x104 src/system_stm32f4xx.o
 .debug_abbrev  0x000003af       0x12 startup/startup_stm32f411xe.o
 .debug_abbrev  0x000003c1      0x252 E:\!TI\testes_TI\nucleo-f411re_hal_lib\Debug\libnucleo-f411re_hal_lib.a(stm32f4xx_hal.o)
 .debug_abbrev  0x00000613      0x2cc E:\!TI\testes_TI\nucleo-f411re_hal_lib\Debug\libnucleo-f411re_hal_lib.a(stm32f4xx_hal_cortex.o)

.debug_aranges  0x00000000      0x2c0
 .debug_aranges
                0x00000000       0x70 src/main.o
 .debug_aranges
                0x00000070       0x20 src/stm32f4xx_it.o
 .debug_aranges
                0x00000090       0x28 src/system_stm32f4xx.o
 .debug_aranges
                0x000000b8       0x28 startup/startup_stm32f411xe.o
 .debug_aranges
                0x000000e0       0xc8 E:\!TI\testes_TI\nucleo-f411re_hal_lib\Debug\libnucleo-f411re_hal_lib.a(stm32f4xx_hal.o)
 .debug_aranges
                0x000001a8      0x118 E:\!TI\testes_TI\nucleo-f411re_hal_lib\Debug\libnucleo-f411re_hal_lib.a(stm32f4xx_hal_cortex.o)

.debug_ranges   0x00000000      0x268
 .debug_ranges  0x00000000       0x60 src/main.o
 .debug_ranges  0x00000060       0x10 src/stm32f4xx_it.o
 .debug_ranges  0x00000070       0x18 src/system_stm32f4xx.o
 .debug_ranges  0x00000088       0x20 startup/startup_stm32f411xe.o
 .debug_ranges  0x000000a8       0xb8 E:\!TI\testes_TI\nucleo-f411re_hal_lib\Debug\libnucleo-f411re_hal_lib.a(stm32f4xx_hal.o)
 .debug_ranges  0x00000160      0x108 E:\!TI\testes_TI\nucleo-f411re_hal_lib\Debug\libnucleo-f411re_hal_lib.a(stm32f4xx_hal_cortex.o)

.debug_macro    0x00000000    0x18b46
 .debug_macro   0x00000000      0x4ae src/main.o
 .debug_macro   0x000004ae      0x8aa src/main.o
 .debug_macro   0x00000d58       0x2d src/main.o
 .debug_macro   0x00000d85       0x28 src/main.o
 .debug_macro   0x00000dad       0x22 src/main.o
 .debug_macro   0x00000dcf       0x87 src/main.o
 .debug_macro   0x00000e56       0x44 src/main.o
 .debug_macro   0x00000e9a       0xfd src/main.o
 .debug_macro   0x00000f97       0x5e src/main.o
 .debug_macro   0x00000ff5      0x1df src/main.o
 .debug_macro   0x000011d4       0x35 src/main.o
 .debug_macro   0x00001209       0x50 src/main.o
 .debug_macro   0x00001259      0xe66 src/main.o
 .debug_macro   0x000020bf     0xb906 src/main.o
 .debug_macro   0x0000d9c5       0x43 src/main.o
 .debug_macro   0x0000da08      0x13a src/main.o
 .debug_macro   0x0000db42     0x3574 src/main.o
 .debug_macro   0x000110b6       0x52 src/main.o
 .debug_macro   0x00011108       0x35 src/main.o
 .debug_macro   0x0001113d       0x9c src/main.o
 .debug_macro   0x000111d9       0x16 src/main.o
 .debug_macro   0x000111ef       0x97 src/main.o
 .debug_macro   0x00011286      0x30d src/main.o
 .debug_macro   0x00011593       0xfd src/main.o
 .debug_macro   0x00011690       0x10 src/main.o
 .debug_macro   0x000116a0       0x52 src/main.o
 .debug_macro   0x000116f2       0x1f src/main.o
 .debug_macro   0x00011711       0x43 src/main.o
 .debug_macro   0x00011754       0x20 src/main.o
 .debug_macro   0x00011774      0x187 src/main.o
 .debug_macro   0x000118fb       0x10 src/main.o
 .debug_macro   0x0001190b       0x1c src/main.o
 .debug_macro   0x00011927       0x52 src/main.o
 .debug_macro   0x00011979       0x40 src/main.o
 .debug_macro   0x000119b9       0x10 src/main.o
 .debug_macro   0x000119c9       0x40 src/main.o
 .debug_macro   0x00011a09       0xd7 src/main.o
 .debug_macro   0x00011ae0       0x16 src/main.o
 .debug_macro   0x00011af6      0x18b src/main.o
 .debug_macro   0x00011c81       0x57 src/main.o
 .debug_macro   0x00011cd8      0x447 src/main.o
 .debug_macro   0x0001211f      0x9e1 src/main.o
 .debug_macro   0x00012b00      0x11e src/main.o
 .debug_macro   0x00012c1e      0x11b src/main.o
 .debug_macro   0x00012d39       0x27 src/main.o
 .debug_macro   0x00012d60      0x287 src/main.o
 .debug_macro   0x00012fe7       0x5f src/main.o
 .debug_macro   0x00013046      0x23a src/main.o
 .debug_macro   0x00013280      0x391 src/main.o
 .debug_macro   0x00013611      0x17d src/main.o
 .debug_macro   0x0001378e       0xf9 src/main.o
 .debug_macro   0x00013887       0x23 src/main.o
 .debug_macro   0x000138aa      0x13a src/main.o
 .debug_macro   0x000139e4      0x264 src/main.o
 .debug_macro   0x00013c48       0x2e src/main.o
 .debug_macro   0x00013c76      0x1a7 src/main.o
 .debug_macro   0x00013e1d       0x22 src/main.o
 .debug_macro   0x00013e3f       0xa5 src/main.o
 .debug_macro   0x00013ee4      0x192 src/main.o
 .debug_macro   0x00014076       0x40 src/main.o
 .debug_macro   0x000140b6       0x3c src/main.o
 .debug_macro   0x000140f2       0x79 src/main.o
 .debug_macro   0x0001416b      0x11e src/main.o
 .debug_macro   0x00014289       0x85 src/main.o
 .debug_macro   0x0001430e       0x89 src/main.o
 .debug_macro   0x00014397      0x31a src/main.o
 .debug_macro   0x000146b1      0x409 src/main.o
 .debug_macro   0x00014aba       0xe4 src/main.o
 .debug_macro   0x00014b9e      0x845 src/main.o
 .debug_macro   0x000153e3      0x198 src/main.o
 .debug_macro   0x0001557b      0x202 src/main.o
 .debug_macro   0x0001577d      0x6e0 src/main.o
 .debug_macro   0x00015e5d       0x5b src/main.o
 .debug_macro   0x00015eb8      0x14d src/main.o
 .debug_macro   0x00016005      0x287 src/main.o
 .debug_macro   0x0001628c      0x225 src/main.o
 .debug_macro   0x000164b1      0x1b5 src/main.o
 .debug_macro   0x00016666      0x2db src/main.o
 .debug_macro   0x00016941       0x89 src/main.o
 .debug_macro   0x000169ca      0x1df src/main.o
 .debug_macro   0x00016ba9      0x115 src/main.o
 .debug_macro   0x00016cbe       0x6e src/main.o
 .debug_macro   0x00016d2c      0x11e src/main.o
 .debug_macro   0x00016e4a      0x1c1 src/main.o
 .debug_macro   0x0001700b       0x16 src/main.o
 .debug_macro   0x00017021       0x35 src/main.o
 .debug_macro   0x00017056       0x10 src/main.o
 .debug_macro   0x00017066      0x47d src/stm32f4xx_it.o
 .debug_macro   0x000174e3      0x479 src/system_stm32f4xx.o
 .debug_macro   0x0001795c      0x4d3 E:\!TI\testes_TI\nucleo-f411re_hal_lib\Debug\libnucleo-f411re_hal_lib.a(stm32f4xx_hal.o)
 .debug_macro   0x00017e2f      0x8a4 E:\!TI\testes_TI\nucleo-f411re_hal_lib\Debug\libnucleo-f411re_hal_lib.a(stm32f4xx_hal.o)
 .debug_macro   0x000186d3      0x473 E:\!TI\testes_TI\nucleo-f411re_hal_lib\Debug\libnucleo-f411re_hal_lib.a(stm32f4xx_hal_cortex.o)

.debug_line     0x00000000     0x3e48
 .debug_line    0x00000000     0x1097 src/main.o
 .debug_line    0x00001097      0xa2e src/stm32f4xx_it.o
 .debug_line    0x00001ac5      0xa2e src/system_stm32f4xx.o
 .debug_line    0x000024f3       0x7f startup/startup_stm32f411xe.o
 .debug_line    0x00002572      0xbbb E:\!TI\testes_TI\nucleo-f411re_hal_lib\Debug\libnucleo-f411re_hal_lib.a(stm32f4xx_hal.o)
 .debug_line    0x0000312d      0xd1b E:\!TI\testes_TI\nucleo-f411re_hal_lib\Debug\libnucleo-f411re_hal_lib.a(stm32f4xx_hal_cortex.o)

.debug_str      0x00000000    0x9ccd3
 .debug_str     0x00000000    0x9c2ec src/main.o
                              0x9c601 (size before relaxing)
 .debug_str     0x0009c2ec       0x38 src/stm32f4xx_it.o
                              0x9b336 (size before relaxing)
 .debug_str     0x0009c324       0x97 src/system_stm32f4xx.o
                              0x9b51d (size before relaxing)
 .debug_str     0x0009c3bb      0x5b4 E:\!TI\testes_TI\nucleo-f411re_hal_lib\Debug\libnucleo-f411re_hal_lib.a(stm32f4xx_hal.o)
                              0x9be31 (size before relaxing)
 .debug_str     0x0009c96f      0x364 E:\!TI\testes_TI\nucleo-f411re_hal_lib\Debug\libnucleo-f411re_hal_lib.a(stm32f4xx_hal_cortex.o)
                              0x9bc2c (size before relaxing)

.comment        0x00000000       0x6e
 .comment       0x00000000       0x6e src/main.o
                                 0x6f (size before relaxing)
 .comment       0x0000006e       0x6f src/stm32f4xx_it.o
 .comment       0x0000006e       0x6f src/system_stm32f4xx.o
 .comment       0x0000006e       0x6f E:\!TI\testes_TI\nucleo-f411re_hal_lib\Debug\libnucleo-f411re_hal_lib.a(stm32f4xx_hal.o)
 .comment       0x0000006e       0x6f E:\!TI\testes_TI\nucleo-f411re_hal_lib\Debug\libnucleo-f411re_hal_lib.a(stm32f4xx_hal_cortex.o)

.debug_frame    0x00000000      0xa9c
 .debug_frame   0x00000000      0x194 src/main.o
 .debug_frame   0x00000194       0x2c src/stm32f4xx_it.o
 .debug_frame   0x000001c0       0x58 src/system_stm32f4xx.o
 .debug_frame   0x00000218      0x2e8 E:\!TI\testes_TI\nucleo-f411re_hal_lib\Debug\libnucleo-f411re_hal_lib.a(stm32f4xx_hal.o)
 .debug_frame   0x00000500      0x498 E:\!TI\testes_TI\nucleo-f411re_hal_lib\Debug\libnucleo-f411re_hal_lib.a(stm32f4xx_hal_cortex.o)
 .debug_frame   0x00000998       0x2c c:/st/eclipse/plugins/fr.ac6.mcu.externaltools.arm-none.win32_1.13.2.201705091103/tools/compiler/bin/../lib/gcc/arm-none-eabi/5.4.1/../../../../arm-none-eabi/lib/armv7e-m/fpu\libc.a(lib_a-init.o)
 .debug_frame   0x000009c4       0x50 c:/st/eclipse/plugins/fr.ac6.mcu.externaltools.arm-none.win32_1.13.2.201705091103/tools/compiler/bin/../lib/gcc/arm-none-eabi/5.4.1/../../../../arm-none-eabi/lib/armv7e-m/fpu\libc.a(lib_a-__call_atexit.o)
 .debug_frame   0x00000a14       0x20 c:/st/eclipse/plugins/fr.ac6.mcu.externaltools.arm-none.win32_1.13.2.201705091103/tools/compiler/bin/../lib/gcc/arm-none-eabi/5.4.1/../../../../arm-none-eabi/lib/armv7e-m/fpu\libc.a(lib_a-atexit.o)
 .debug_frame   0x00000a34       0x34 c:/st/eclipse/plugins/fr.ac6.mcu.externaltools.arm-none.win32_1.13.2.201705091103/tools/compiler/bin/../lib/gcc/arm-none-eabi/5.4.1/../../../../arm-none-eabi/lib/armv7e-m/fpu\libc.a(lib_a-fini.o)
 .debug_frame   0x00000a68       0x34 c:/st/eclipse/plugins/fr.ac6.mcu.externaltools.arm-none.win32_1.13.2.201705091103/tools/compiler/bin/../lib/gcc/arm-none-eabi/5.4.1/../../../../arm-none-eabi/lib/armv7e-m/fpu\libc.a(lib_a-__atexit.o)
